[INFO] Scanning for projects...
[INFO] 
[INFO] -------------------< com.carwash:operations-backend >-------------------
[INFO] Building operations-backend 1.0.0
[INFO]   from pom.xml
[INFO] --------------------------------[ jar ]---------------------------------
[INFO] 
[INFO] --- resources:3.3.1:resources (default-resources) @ operations-backend ---
[INFO] Copying 2 resources from src\main\resources to target\classes
[INFO] Copying 2 resources from src\main\resources to target\classes
[INFO] 
[INFO] --- compiler:3.13.0:compile (default-compile) @ operations-backend ---
[INFO] Recompiling the module because of changed source code.
[INFO] Compiling 66 source files with javac [debug parameters release 21] to target\classes
[INFO] -------------------------------------------------------------
[ERROR] COMPILATION ERROR : 
[INFO] -------------------------------------------------------------
[ERROR] /C:/Users/HP/Desktop/car-wash-on/backend/src/main/java/com/carwash/ops/security/AuthenticatedUser.java:[6,43] cannot find symbol
  symbol: class UserDetails
[ERROR] /C:/Users/HP/Desktop/car-wash-on/backend/src/main/java/com/carwash/ops/security/AuthenticatedUser.java:[16,34] cannot find symbol
  symbol:   class GrantedAuthority
  location: class com.carwash.ops.security.AuthenticatedUser
[ERROR] /C:/Users/HP/Desktop/car-wash-on/backend/src/main/java/com/carwash/ops/security/AuthenticatedUser.java:[30,33] cannot find symbol
  symbol:   class GrantedAuthority
  location: class com.carwash.ops.security.AuthenticatedUser
[INFO] 3 errors 
[INFO] -------------------------------------------------------------
[INFO] ------------------------------------------------------------------------
[INFO] BUILD FAILURE
[INFO] ------------------------------------------------------------------------
[INFO] Total time:  3.744 s
[INFO] Finished at: 2026-03-21T13:20:49Z
[INFO] ------------------------------------------------------------------------
[ERROR] Failed to execute goal org.apache.maven.plugins:maven-compiler-plugin:3.13.0:compile (default-compile) on project operations-backend: Compilation failure: Compilation failure: 
[ERROR] /C:/Users/HP/Desktop/car-wash-on/backend/src/main/java/com/carwash/ops/security/AuthenticatedUser.java:[6,43] cannot find symbol
[ERROR]   symbol: class UserDetails
[ERROR] /C:/Users/HP/Desktop/car-wash-on/backend/src/main/java/com/carwash/ops/security/AuthenticatedUser.java:[16,34] cannot find symbol
[ERROR]   symbol:   class GrantedAuthority
[ERROR]   location: class com.carwash.ops.security.AuthenticatedUser
[ERROR] /C:/Users/HP/Desktop/car-wash-on/backend/src/main/java/com/carwash/ops/security/AuthenticatedUser.java:[30,33] cannot find symbol
[ERROR]   symbol:   class GrantedAuthority
[ERROR]   location: class com.carwash.ops.security.AuthenticatedUser
[ERROR] -> [Help 1]
[ERROR] 
[ERROR] To see the full stack trace of the errors, re-run Maven with the -e switch.
[ERROR] Re-run Maven using the -X switch to enable full debug logging.
[ERROR] 
[ERROR] For more information about the errors and possible solutions, please read the following articles:
[ERROR] [Help 1] http://cwiki.apache.org/confluence/display/MAVEN/MojoFailureException
